Archive member included to satisfy reference by file (symbol)

e:/apps/stm32cubeide_1.10.0/stm32cubeide/plugins/com.st.stm32cube.ide.mcu.externaltools.gnu-tools-for-stm32.10.3-2021.10.win32_1.0.0.202111181127/tools/bin/../lib/gcc/arm-none-eabi/10.3.1/../../../../arm-none-eabi/lib/thumb/v7-m/nofp\libc_nano.a(lib_a-errno.o)
                              ./Src/syscalls.o (__errno)
e:/apps/stm32cubeide_1.10.0/stm32cubeide/plugins/com.st.stm32cube.ide.mcu.externaltools.gnu-tools-for-stm32.10.3-2021.10.win32_1.0.0.202111181127/tools/bin/../lib/gcc/arm-none-eabi/10.3.1/../../../../arm-none-eabi/lib/thumb/v7-m/nofp\libc_nano.a(lib_a-exit.o)
                              e:/apps/stm32cubeide_1.10.0/stm32cubeide/plugins/com.st.stm32cube.ide.mcu.externaltools.gnu-tools-for-stm32.10.3-2021.10.win32_1.0.0.202111181127/tools/bin/../lib/gcc/arm-none-eabi/10.3.1/../../../../arm-none-eabi/lib/thumb/v7-m/nofp/crt0.o (exit)
e:/apps/stm32cubeide_1.10.0/stm32cubeide/plugins/com.st.stm32cube.ide.mcu.externaltools.gnu-tools-for-stm32.10.3-2021.10.win32_1.0.0.202111181127/tools/bin/../lib/gcc/arm-none-eabi/10.3.1/../../../../arm-none-eabi/lib/thumb/v7-m/nofp\libc_nano.a(lib_a-impure.o)
                              e:/apps/stm32cubeide_1.10.0/stm32cubeide/plugins/com.st.stm32cube.ide.mcu.externaltools.gnu-tools-for-stm32.10.3-2021.10.win32_1.0.0.202111181127/tools/bin/../lib/gcc/arm-none-eabi/10.3.1/../../../../arm-none-eabi/lib/thumb/v7-m/nofp\libc_nano.a(lib_a-exit.o) (_global_impure_ptr)
e:/apps/stm32cubeide_1.10.0/stm32cubeide/plugins/com.st.stm32cube.ide.mcu.externaltools.gnu-tools-for-stm32.10.3-2021.10.win32_1.0.0.202111181127/tools/bin/../lib/gcc/arm-none-eabi/10.3.1/../../../../arm-none-eabi/lib/thumb/v7-m/nofp\libc_nano.a(lib_a-init.o)
                              e:/apps/stm32cubeide_1.10.0/stm32cubeide/plugins/com.st.stm32cube.ide.mcu.externaltools.gnu-tools-for-stm32.10.3-2021.10.win32_1.0.0.202111181127/tools/bin/../lib/gcc/arm-none-eabi/10.3.1/../../../../arm-none-eabi/lib/thumb/v7-m/nofp/crt0.o (__libc_init_array)
e:/apps/stm32cubeide_1.10.0/stm32cubeide/plugins/com.st.stm32cube.ide.mcu.externaltools.gnu-tools-for-stm32.10.3-2021.10.win32_1.0.0.202111181127/tools/bin/../lib/gcc/arm-none-eabi/10.3.1/../../../../arm-none-eabi/lib/thumb/v7-m/nofp\libc_nano.a(lib_a-memset.o)
                              e:/apps/stm32cubeide_1.10.0/stm32cubeide/plugins/com.st.stm32cube.ide.mcu.externaltools.gnu-tools-for-stm32.10.3-2021.10.win32_1.0.0.202111181127/tools/bin/../lib/gcc/arm-none-eabi/10.3.1/../../../../arm-none-eabi/lib/thumb/v7-m/nofp/crt0.o (memset)
e:/apps/stm32cubeide_1.10.0/stm32cubeide/plugins/com.st.stm32cube.ide.mcu.externaltools.gnu-tools-for-stm32.10.3-2021.10.win32_1.0.0.202111181127/tools/bin/../lib/gcc/arm-none-eabi/10.3.1/thumb/v7-m/nofp\libgcc.a(_arm_muldf3.o)
                              ./HAL/LCD/LCD.o (__aeabi_dmul)
e:/apps/stm32cubeide_1.10.0/stm32cubeide/plugins/com.st.stm32cube.ide.mcu.externaltools.gnu-tools-for-stm32.10.3-2021.10.win32_1.0.0.202111181127/tools/bin/../lib/gcc/arm-none-eabi/10.3.1/thumb/v7-m/nofp\libgcc.a(_arm_addsubdf3.o)
                              ./HAL/LCD/LCD.o (__aeabi_dsub)
e:/apps/stm32cubeide_1.10.0/stm32cubeide/plugins/com.st.stm32cube.ide.mcu.externaltools.gnu-tools-for-stm32.10.3-2021.10.win32_1.0.0.202111181127/tools/bin/../lib/gcc/arm-none-eabi/10.3.1/thumb/v7-m/nofp\libgcc.a(_arm_muldivdf3.o)
                              ./HAL/Ultrasonic/Ultrasonic.o (__aeabi_ddiv)
e:/apps/stm32cubeide_1.10.0/stm32cubeide/plugins/com.st.stm32cube.ide.mcu.externaltools.gnu-tools-for-stm32.10.3-2021.10.win32_1.0.0.202111181127/tools/bin/../lib/gcc/arm-none-eabi/10.3.1/thumb/v7-m/nofp\libgcc.a(_arm_cmpdf2.o)
                              ./HAL/LCD/LCD.o (__aeabi_dcmpeq)
e:/apps/stm32cubeide_1.10.0/stm32cubeide/plugins/com.st.stm32cube.ide.mcu.externaltools.gnu-tools-for-stm32.10.3-2021.10.win32_1.0.0.202111181127/tools/bin/../lib/gcc/arm-none-eabi/10.3.1/thumb/v7-m/nofp\libgcc.a(_arm_fixdfsi.o)
                              ./HAL/LCD/LCD.o (__aeabi_d2iz)
e:/apps/stm32cubeide_1.10.0/stm32cubeide/plugins/com.st.stm32cube.ide.mcu.externaltools.gnu-tools-for-stm32.10.3-2021.10.win32_1.0.0.202111181127/tools/bin/../lib/gcc/arm-none-eabi/10.3.1/thumb/v7-m/nofp\libgcc.a(_arm_fixunsdfsi.o)
                              ./Application/App.o (__aeabi_d2uiz)

Discarded input sections

 .text          0x0000000000000000        0x0 e:/apps/stm32cubeide_1.10.0/stm32cubeide/plugins/com.st.stm32cube.ide.mcu.externaltools.gnu-tools-for-stm32.10.3-2021.10.win32_1.0.0.202111181127/tools/bin/../lib/gcc/arm-none-eabi/10.3.1/thumb/v7-m/nofp/crti.o
 .data          0x0000000000000000        0x0 e:/apps/stm32cubeide_1.10.0/stm32cubeide/plugins/com.st.stm32cube.ide.mcu.externaltools.gnu-tools-for-stm32.10.3-2021.10.win32_1.0.0.202111181127/tools/bin/../lib/gcc/arm-none-eabi/10.3.1/thumb/v7-m/nofp/crti.o
[...]
Memory Configuration

Name             Origin             Length             Attributes
RAM              0x0000000020000000 0x0000000000005000 xrw
FLASH            0x0000000008000000 0x0000000000010000 xr
*default*        0x0000000000000000 0xffffffffffffffff

Linker script and memory map

LOAD e:/apps/stm32cubeide_1.10.0/stm32cubeide/plugins/com.st.stm32cube.ide.mcu.externaltools.gnu-tools-for-stm32.10.3-2021.10.win32_1.0.0.202111181127/tools/bin/../lib/gcc/arm-none-eabi/10.3.1/thumb/v7-m/nofp/crti.o
LOAD e:/apps/stm32cubeide_1.10.0/stm32cubeide/plugins/com.st.stm32cube.ide.mcu.externaltools.gnu-tools-for-stm32.10.3-2021.10.win32_1.0.0.202111181127/tools/bin/../lib/gcc/arm-none-eabi/10.3.1/thumb/v7-m/nofp/crtbegin.o
LOAD e:/apps/stm32cubeide_1.10.0/stm32cubeide/plugins/com.st.stm32cube.ide.mcu.externaltools.gnu-tools-for-stm32.10.3-2021.10.win32_1.0.0.202111181127/tools/bin/../lib/gcc/arm-none-eabi/10.3.1/../../../../arm-none-eabi/lib/thumb/v7-m/nofp/crt0.o
LOAD ./Application/App.o
LOAD ./HAL/LCD/LCD.o
LOAD ./HAL/Servo/Servo.o
LOAD ./HAL/Ultrasonic/Ultrasonic.o
LOAD ./STM32F103_MCAL/EXTI/EXTI.o
LOAD ./STM32F103_MCAL/GPIO/gpio.o
LOAD ./STM32F103_MCAL/I2C/I2C.o
LOAD ./STM32F103_MCAL/RCC/RCC.o
LOAD ./STM32F103_MCAL/SPI/SPI.o
LOAD ./STM32F103_MCAL/Timer2_4/Timer.o
LOAD ./STM32F103_MCAL/UART/UART.o
LOAD ./Src/main.o
LOAD ./Src/syscalls.o
LOAD ./Src/sysmem.o
LOAD ./Startup/startup_stm32f103c8tx.o
START GROUP
LOAD e:/apps/stm32cubeide_1.10.0/stm32cubeide/plugins/com.st.stm32cube.ide.mcu.externaltools.gnu-tools-for-stm32.10.3-2021.10.win32_1.0.0.202111181127/tools/bin/../lib/gcc/arm-none-eabi/10.3.1/../../../../arm-none-eabi/lib/thumb/v7-m/nofp\libc_nano.a
LOAD e:/apps/stm32cubeide_1.10.0/stm32cubeide/plugins/com.st.stm32cube.ide.mcu.externaltools.gnu-tools-for-stm32.10.3-2021.10.win32_1.0.0.202111181127/tools/bin/../lib/gcc/arm-none-eabi/10.3.1/../../../../arm-none-eabi/lib/thumb/v7-m/nofp\libm.a
END GROUP
START GROUP
LOAD e:/apps/stm32cubeide_1.10.0/stm32cubeide/plugins/com.st.stm32cube.ide.mcu.externaltools.gnu-tools-for-stm32.10.3-2021.10.win32_1.0.0.202111181127/tools/bin/../lib/gcc/arm-none-eabi/10.3.1/thumb/v7-m/nofp\libgcc.a
LOAD e:/apps/stm32cubeide_1.10.0/stm32cubeide/plugins/com.st.stm32cube.ide.mcu.externaltools.gnu-tools-for-stm32.10.3-2021.10.win32_1.0.0.202111181127/tools/bin/../lib/gcc/arm-none-eabi/10.3.1/../../../../arm-none-eabi/lib/thumb/v7-m/nofp\libc_nano.a
END GROUP
START GROUP
LOAD e:/apps/stm32cubeide_1.10.0/stm32cubeide/plugins/com.st.stm32cube.ide.mcu.externaltools.gnu-tools-for-stm32.10.3-2021.10.win32_1.0.0.202111181127/tools/bin/../lib/gcc/arm-none-eabi/10.3.1/thumb/v7-m/nofp\libgcc.a
LOAD e:/apps/stm32cubeide_1.10.0/stm32cubeide/plugins/com.st.stm32cube.ide.mcu.externaltools.gnu-tools-for-stm32.10.3-2021.10.win32_1.0.0.202111181127/tools/bin/../lib/gcc/arm-none-eabi/10.3.1/../../../../arm-none-eabi/lib/thumb/v7-m/nofp\libc_nano.a
LOAD e:/apps/stm32cubeide_1.10.0/stm32cubeide/plugins/com.st.stm32cube.ide.mcu.externaltools.gnu-tools-for-stm32.10.3-2021.10.win32_1.0.0.202111181127/tools/bin/../lib/gcc/arm-none-eabi/10.3.1/../../../../arm-none-eabi/lib/thumb/v7-m/nofp\libnosys.a
END GROUP
START GROUP
LOAD e:/apps/stm32cubeide_1.10.0/stm32cubeide/plugins/com.st.stm32cube.ide.mcu.externaltools.gnu-tools-for-stm32.10.3-2021.10.win32_1.0.0.202111181127/tools/bin/../lib/gcc/arm-none-eabi/10.3.1/thumb/v7-m/nofp\libgcc.a
LOAD e:/apps/stm32cubeide_1.10.0/stm32cubeide/plugins/com.st.stm32cube.ide.mcu.externaltools.gnu-tools-for-stm32.10.3-2021.10.win32_1.0.0.202111181127/tools/bin/../lib/gcc/arm-none-eabi/10.3.1/../../../../arm-none-eabi/lib/thumb/v7-m/nofp\libc_nano.a
LOAD e:/apps/stm32cubeide_1.10.0/stm32cubeide/plugins/com.st.stm32cube.ide.mcu.externaltools.gnu-tools-for-stm32.10.3-2021.10.win32_1.0.0.202111181127/tools/bin/../lib/gcc/arm-none-eabi/10.3.1/../../../../arm-none-eabi/lib/thumb/v7-m/nofp\libnosys.a
END GROUP
LOAD e:/apps/stm32cubeide_1.10.0/stm32cubeide/plugins/com.st.stm32cube.ide.mcu.externaltools.gnu-tools-for-stm32.10.3-2021.10.win32_1.0.0.202111181127/tools/bin/../lib/gcc/arm-none-eabi/10.3.1/thumb/v7-m/nofp/crtend.o
LOAD e:/apps/stm32cubeide_1.10.0/stm32cubeide/plugins/com.st.stm32cube.ide.mcu.externaltools.gnu-tools-for-stm32.10.3-2021.10.win32_1.0.0.202111181127/tools/bin/../lib/gcc/arm-none-eabi/10.3.1/thumb/v7-m/nofp/crtn.o
                0x0000000020005000                _estack = (ORIGIN (RAM) + LENGTH (RAM))
                0x0000000000000200                _Min_Heap_Size = 0x200
                0x0000000000000400                _Min_Stack_Size = 0x400

.isr_vector     0x0000000008000000      0x130
                0x0000000008000000                . = ALIGN (0x4)
 *(.isr_vector)
 .isr_vector    0x0000000008000000      0x130 ./Startup/startup_stm32f103c8tx.o
                0x0000000008000000                g_pfnVectors
                0x0000000008000130                . = ALIGN (0x4)

.text           0x0000000008000130     0x1fe8
                0x0000000008000130                . = ALIGN (0x4)
 *(.text)
 .text          0x0000000008000130       0x40 e:/apps/stm32cubeide_1.10.0/stm32cubeide/plugins/com.st.stm32cube.ide.mcu.externaltools.gnu-tools-for-stm32.10.3-2021.10.win32_1.0.0.202111181127/tools/bin/../lib/gcc/arm-none-eabi/10.3.1/thumb/v7-m/nofp/crtbegin.o
 .text          0x0000000008000170      0x378 e:/apps/stm32cubeide_1.10.0/stm32cubeide/plugins/com.st.stm32cube.ide.mcu.externaltools.gnu-tools-for-stm32.10.3-2021.10.win32_1.0.0.202111181127/tools/bin/../lib/gcc/arm-none-eabi/10.3.1/thumb/v7-m/nofp\libgcc.a(_arm_addsubdf3.o)
                0x0000000008000170                __aeabi_drsub
                0x0000000008000178                __aeabi_dsub
                0x0000000008000178                __subdf3
                0x000000000800017c                __aeabi_dadd
                0x000000000800017c                __adddf3
                0x00000000080003f4                __floatunsidf
                0x00000000080003f4                __aeabi_ui2d
                0x0000000008000414                __floatsidf
                0x0000000008000414                __aeabi_i2d
                0x0000000008000438                __aeabi_f2d
                0x0000000008000438                __extendsfdf2
                0x000000000800047c                __floatundidf
                0x000000000800047c                __aeabi_ul2d
                0x000000000800048c                __floatdidf
                0x000000000800048c                __aeabi_l2d
 .text          0x00000000080004e8      0x424 e:/apps/stm32cubeide_1.10.0/stm32cubeide/plugins/com.st.stm32cube.ide.mcu.externaltools.gnu-tools-for-stm32.10.3-2021.10.win32_1.0.0.202111181127/tools/bin/../lib/gcc/arm-none-eabi/10.3.1/thumb/v7-m/nofp\libgcc.a(_arm_muldivdf3.o)
                0x00000000080004e8                __aeabi_dmul
                0x00000000080004e8                __muldf3
                0x000000000800073c                __divdf3
                0x000000000800073c                __aeabi_ddiv
 .text          0x000000000800090c       0x40 e:/apps/stm32cubeide_1.10.0/stm32cubeide/plugins/com.st.stm32cube.ide.mcu.externaltools.gnu-tools-for-stm32.10.3-2021.10.win32_1.0.0.202111181127/tools/bin/../lib/gcc/arm-none-eabi/10.3.1/thumb/v7-m/nofp\libgcc.a(_arm_fixunsdfsi.o)
                0x000000000800090c                __aeabi_d2uiz
                0x000000000800090c                __fixunsdfsi
 *(.text*)
 .text.App_Init
                0x000000000800094c       0x54 ./Application/App.o
                0x000000000800094c                App_Init
 .text.Door_MoveSmooth
                0x00000000080009a0       0x6e ./Application/App.o
 *fill*         0x0000000008000a0e        0x2 
 .text.App_Start
                0x0000000008000a10      0x104 ./Application/App.o
                0x0000000008000a10                App_Start
 .text.LCD_Init
                0x0000000008000b14       0xe4 ./HAL/LCD/LCD.o
                0x0000000008000b14                LCD_Init
 .text.LCD_Write_Command
                0x0000000008000bf8      0x1ac ./HAL/LCD/LCD.o
                0x0000000008000bf8                LCD_Write_Command
 .text.LCD_Write_Char
                0x0000000008000da4      0x1ac ./HAL/LCD/LCD.o
                0x0000000008000da4                LCD_Write_Char
 .text.LCD_Write_String
                0x0000000008000f50       0x38 ./HAL/LCD/LCD.o
                0x0000000008000f50                LCD_Write_String
 .text.LCD_Write_Number
                0x0000000008000f88      0x16c ./HAL/LCD/LCD.o
                0x0000000008000f88                LCD_Write_Number
 .text.Servo_Attach
                0x00000000080010f4       0xd4 ./HAL/Servo/Servo.o
                0x00000000080010f4                Servo_Attach
 .text.Servo_Write
                0x00000000080011c8       0x78 ./HAL/Servo/Servo.o
                0x00000000080011c8                Servo_Write
 .text.Ultrasonic_Init
                0x0000000008001240       0xc4 ./HAL/Ultrasonic/Ultrasonic.o
                0x0000000008001240                Ultrasonic_Init
 *fill*         0x0000000008001304        0x4 
 .text.Ultrasonic_GetDistance
                0x0000000008001308       0xe8 ./HAL/Ultrasonic/Ultrasonic.o
                0x0000000008001308                Ultrasonic_GetDistance
 .text.EXTI0_IRQHandler
                0x00000000080013f0       0x24 ./STM32F103_MCAL/EXTI/EXTI.o
                0x00000000080013f0                EXTI0_IRQHandler
 .text.EXTI1_IRQHandler
                0x0000000008001414       0x24 ./STM32F103_MCAL/EXTI/EXTI.o
                0x0000000008001414                EXTI1_IRQHandler
 .text.EXTI2_IRQHandler
                0x0000000008001438       0x24 ./STM32F103_MCAL/EXTI/EXTI.o
                0x0000000008001438                EXTI2_IRQHandler
 .text.EXTI3_IRQHandler
                0x000000000800145c       0x24 ./STM32F103_MCAL/EXTI/EXTI.o
                0x000000000800145c                EXTI3_IRQHandler
 .text.EXTI4_IRQHandler
                0x0000000008001480       0x24 ./STM32F103_MCAL/EXTI/EXTI.o
                0x0000000008001480                EXTI4_IRQHandler
 .text.EXTI9_5_IRQHandler
                0x00000000080014a4       0xb0 ./STM32F103_MCAL/EXTI/EXTI.o
                0x00000000080014a4                EXTI9_5_IRQHandler
 .text.EXTI15_10_IRQHandler
                0x0000000008001554       0xd0 ./STM32F103_MCAL/EXTI/EXTI.o
                0x0000000008001554                EXTI15_10_IRQHandler
 .text.MCAL_GPIO_Init
                0x0000000008001624      0x150 ./STM32F103_MCAL/GPIO/gpio.o
                0x0000000008001624                MCAL_GPIO_Init
 .text.MCAL_GPIO_WritePin
                0x0000000008001774       0x48 ./STM32F103_MCAL/GPIO/gpio.o
                0x0000000008001774                MCAL_GPIO_WritePin
 .text.delay_ms
                0x00000000080017bc       0x32 ./STM32F103_MCAL/GPIO/gpio.o
                0x00000000080017bc                delay_ms
 *fill*         0x00000000080017ee        0x2 
 .text.SPI1_IRQHandler
                0x00000000080017f0       0x58 ./STM32F103_MCAL/SPI/SPI.o
                0x00000000080017f0                SPI1_IRQHandler
 .text.SPI2_IRQHandler
                0x0000000008001848       0x58 ./STM32F103_MCAL/SPI/SPI.o
                0x0000000008001848                SPI2_IRQHandler
 .text.TIMx_Init
                0x00000000080018a0       0xa4 ./STM32F103_MCAL/Timer2_4/Timer.o
                0x00000000080018a0                TIMx_Init
 .text.TIMx_IC_CH1_Init
                0x0000000008001944      0x244 ./STM32F103_MCAL/Timer2_4/Timer.o
                0x0000000008001944                TIMx_IC_CH1_Init
 .text.TIMx_PWM_CH2_Init
                0x0000000008001b88      0x184 ./STM32F103_MCAL/Timer2_4/Timer.o
                0x0000000008001b88                TIMx_PWM_CH2_Init
 .text.TIMx_CH2_SetDuty
                0x0000000008001d0c       0x1c ./STM32F103_MCAL/Timer2_4/Timer.o
                0x0000000008001d0c                TIMx_CH2_SetDuty
 .text.TIMx_GetHighWidth
                0x0000000008001d28       0x64 ./STM32F103_MCAL/Timer2_4/Timer.o
                0x0000000008001d28                TIMx_GetHighWidth
 .text.TIMx_delay_us
                0x0000000008001d8c       0x7c ./STM32F103_MCAL/Timer2_4/Timer.o
                0x0000000008001d8c                TIMx_delay_us
 .text.TIMx_delay_ms
                0x0000000008001e08       0x2e ./STM32F103_MCAL/Timer2_4/Timer.o
                0x0000000008001e08                TIMx_delay_ms
 *fill*         0x0000000008001e36        0x2 
 .text.TIM2_IRQHandler
                0x0000000008001e38       0xa8 ./STM32F103_MCAL/Timer2_4/Timer.o
                0x0000000008001e38                TIM2_IRQHandler
 .text.TIM3_IRQHandler
                0x0000000008001ee0       0x9c ./STM32F103_MCAL/Timer2_4/Timer.o
                0x0000000008001ee0                TIM3_IRQHandler
 .text.TIM4_IRQHandler
                0x0000000008001f7c       0x9c ./STM32F103_MCAL/Timer2_4/Timer.o
                0x0000000008001f7c                TIM4_IRQHandler
 .text.USART1_IRQHandler
                0x0000000008002018       0x14 ./STM32F103_MCAL/UART/UART.o
                0x0000000008002018                USART1_IRQHandler
 .text.USART2_IRQHandler
                0x000000000800202c       0x14 ./STM32F103_MCAL/UART/UART.o
                0x000000000800202c                USART2_IRQHandler
 .text.USART3_IRQHandler
                0x0000000008002040       0x14 ./STM32F103_MCAL/UART/UART.o
                0x0000000008002040                USART3_IRQHandler
 .text.main     0x0000000008002054        0xe ./Src/main.o
                0x0000000008002054                main
 *fill*         0x0000000008002062        0x2 
 .text.Reset_Handler
                0x0000000008002064       0x50 ./Startup/startup_stm32f103c8tx.o
                0x0000000008002064                Reset_Handler
 .text.Default_Handler
                0x00000000080020b4        0x2 ./Startup/startup_stm32f103c8tx.o
                0x00000000080020b4                TIM8_TRG_COM_IRQHandler
                0x00000000080020b4                TIM8_CC_IRQHandler
                0x00000000080020b4                DebugMon_Handler
                0x00000000080020b4                TIM1_CC_IRQHandler
                0x00000000080020b4                HardFault_Handler
                0x00000000080020b4                TIM6_IRQHandler
                0x00000000080020b4                SysTick_Handler
                0x00000000080020b4                PVD_IRQHandler
                0x00000000080020b4                SDIO_IRQHandler
                0x00000000080020b4                PendSV_Handler
                0x00000000080020b4                NMI_Handler
                0x00000000080020b4                USB_HP_CAN_TX_IRQHandler
                0x00000000080020b4                I2C2_EV_IRQHandler
                0x00000000080020b4                UsageFault_Handler
                0x00000000080020b4                ADC1_2_IRQHandler
                0x00000000080020b4                CAN_SCE_IRQHandler
                0x00000000080020b4                TAMPER_IRQHandler
                0x00000000080020b4                TIM8_UP_IRQHandler
                0x00000000080020b4                DMA2_Channel2_IRQHandler
                0x00000000080020b4                DMA1_Channel4_IRQHandler
                0x00000000080020b4                RTC_IRQHandler
                0x00000000080020b4                DMA1_Channel7_IRQHandler
                0x00000000080020b4                UART5_IRQHandler
                0x00000000080020b4                ADC3_IRQHandler
                0x00000000080020b4                CAN_RX1_IRQHandler
                0x00000000080020b4                DMA2_Channel1_IRQHandler
                0x00000000080020b4                I2C1_EV_IRQHandler
                0x00000000080020b4                DMA1_Channel6_IRQHandler
                0x00000000080020b4                UART4_IRQHandler
                0x00000000080020b4                RCC_IRQHandler
                0x00000000080020b4                TIM1_TRG_COM_IRQHandler
                0x00000000080020b4                DMA1_Channel1_IRQHandler
                0x00000000080020b4                Default_Handler
                0x00000000080020b4                TIM7_IRQHandler
                0x00000000080020b4                TIM5_IRQHandler
                0x00000000080020b4                USB_LP_CAN_RX0_IRQHandler
                0x00000000080020b4                MemManage_Handler
                0x00000000080020b4                SVC_Handler
                0x00000000080020b4                DMA1_Channel5_IRQHandler
                0x00000000080020b4                DMA1_Channel3_IRQHandler
                0x00000000080020b4                FSMC_IRQHandler
                0x00000000080020b4                TIM1_UP_IRQHandler
                0x00000000080020b4                WWDG_IRQHandler
                0x00000000080020b4                TIM1_BRK_IRQHandler
                0x00000000080020b4                RTCAlarm_IRQHandler
                0x00000000080020b4                DMA2_Channel4_5_IRQHandler
                0x00000000080020b4                I2C2_ER_IRQHandler
                0x00000000080020b4                DMA1_Channel2_IRQHandler
                0x00000000080020b4                TIM8_BRK_IRQHandler
                0x00000000080020b4                FLASH_IRQHandler
                0x00000000080020b4                BusFault_Handler
                0x00000000080020b4                SPI3_IRQHandler
                0x00000000080020b4                I2C1_ER_IRQHandler
                0x00000000080020b4                DMA2_Channel3_IRQHandler
 *fill*         0x00000000080020b6        0x2 
 .text.__libc_init_array
                0x00000000080020b8       0x48 e:/apps/stm32cubeide_1.10.0/stm32cubeide/plugins/com.st.stm32cube.ide.mcu.externaltools.gnu-tools-for-stm32.10.3-2021.10.win32_1.0.0.202111181127/tools/bin/../lib/gcc/arm-none-eabi/10.3.1/../../../../arm-none-eabi/lib/thumb/v7-m/nofp\libc_nano.a(lib_a-init.o)
                0x00000000080020b8                __libc_init_array
 *(.glue_7)
 .glue_7        0x0000000008002100        0x0 linker stubs
 *(.glue_7t)
 .glue_7t       0x0000000008002100        0x0 linker stubs
 *(.eh_frame)
 .eh_frame      0x0000000008002100        0x0 e:/apps/stm32cubeide_1.10.0/stm32cubeide/plugins/com.st.stm32cube.ide.mcu.externaltools.gnu-tools-for-stm32.10.3-2021.10.win32_1.0.0.202111181127/tools/bin/../lib/gcc/arm-none-eabi/10.3.1/thumb/v7-m/nofp/crtbegin.o
 *(.init)
 .init          0x0000000008002100        0x4 e:/apps/stm32cubeide_1.10.0/stm32cubeide/plugins/com.st.stm32cube.ide.mcu.externaltools.gnu-tools-for-stm32.10.3-2021.10.win32_1.0.0.202111181127/tools/bin/../lib/gcc/arm-none-eabi/10.3.1/thumb/v7-m/nofp/crti.o
                0x0000000008002100                _init
 .init          0x0000000008002104        0x8 e:/apps/stm32cubeide_1.10.0/stm32cubeide/plugins/com.st.stm32cube.ide.mcu.externaltools.gnu-tools-for-stm32.10.3-2021.10.win32_1.0.0.202111181127/tools/bin/../lib/gcc/arm-none-eabi/10.3.1/thumb/v7-m/nofp/crtn.o
 *(.fini)
 .fini          0x000000000800210c        0x4 e:/apps/stm32cubeide_1.10.0/stm32cubeide/plugins/com.st.stm32cube.ide.mcu.externaltools.gnu-tools-for-stm32.10.3-2021.10.win32_1.0.0.202111181127/tools/bin/../lib/gcc/arm-none-eabi/10.3.1/thumb/v7-m/nofp/crti.o
                0x000000000800210c                _fini
 .fini          0x0000000008002110        0x8 e:/apps/stm32cubeide_1.10.0/stm32cubeide/plugins/com.st.stm32cube.ide.mcu.externaltools.gnu-tools-for-stm32.10.3-2021.10.win32_1.0.0.202111181127/tools/bin/../lib/gcc/arm-none-eabi/10.3.1/thumb/v7-m/nofp/crtn.o
                0x0000000008002118                . = ALIGN (0x4)
                0x0000000008002118                _etext = .

.vfp11_veneer   0x0000000008002118        0x0
 .vfp11_veneer  0x0000000008002118        0x0 linker stubs

.v4_bx          0x0000000008002118        0x0
 .v4_bx         0x0000000008002118        0x0 linker stubs

.iplt           0x0000000008002118        0x0
 .iplt          0x0000000008002118        0x0 e:/apps/stm32cubeide_1.10.0/stm32cubeide/plugins/com.st.stm32cube.ide.mcu.externaltools.gnu-tools-for-stm32.10.3-2021.10.win32_1.0.0.202111181127/tools/bin/../lib/gcc/arm-none-eabi/10.3.1/thumb/v7-m/nofp/crtbegin.o

.rodata         0x0000000008002118       0x8c
                0x0000000008002118                . = ALIGN (0x4)
 *(.rodata)
 .rodata        0x0000000008002118       0x44 ./Application/App.o
 .rodata        0x000000000800215c       0x18 ./HAL/LCD/LCD.o
 .rodata        0x0000000008002174       0x30 ./HAL/Ultrasonic/Ultrasonic.o
 *(.rodata*)
                0x00000000080021a4                . = ALIGN (0x4)

.rel.dyn        0x00000000080021a4        0x0
 .rel.iplt      0x00000000080021a4        0x0 e:/apps/stm32cubeide_1.10.0/stm32cubeide/plugins/com.st.stm32cube.ide.mcu.externaltools.gnu-tools-for-stm32.10.3-2021.10.win32_1.0.0.202111181127/tools/bin/../lib/gcc/arm-none-eabi/10.3.1/thumb/v7-m/nofp/crtbegin.o

.ARM.extab      0x00000000080021a4        0x0
                0x00000000080021a4                . = ALIGN (0x4)
 *(.ARM.extab* .gnu.linkonce.armextab.*)
                0x00000000080021a4                . = ALIGN (0x4)

.ARM            0x00000000080021a4        0x0
                0x00000000080021a4                . = ALIGN (0x4)
                0x00000000080021a4                __exidx_start = .
 *(.ARM.exidx*)
                0x00000000080021a4                __exidx_end = .
                0x00000000080021a4                . = ALIGN (0x4)

.preinit_array  0x00000000080021a4        0x0
                0x00000000080021a4                . = ALIGN (0x4)
                0x00000000080021a4                PROVIDE (__preinit_array_start = .)
 *(.preinit_array*)
                0x00000000080021a4                PROVIDE (__preinit_array_end = .)
                0x00000000080021a4                . = ALIGN (0x4)

.init_array     0x00000000080021a4        0x4
                0x00000000080021a4                . = ALIGN (0x4)
                0x00000000080021a4                PROVIDE (__init_array_start = .)
 *(SORT_BY_NAME(.init_array.*))
 *(.init_array*)
 .init_array    0x00000000080021a4        0x4 e:/apps/stm32cubeide_1.10.0/stm32cubeide/plugins/com.st.stm32cube.ide.mcu.externaltools.gnu-tools-for-stm32.10.3-2021.10.win32_1.0.0.202111181127/tools/bin/../lib/gcc/arm-none-eabi/10.3.1/thumb/v7-m/nofp/crtbegin.o
                0x00000000080021a8                PROVIDE (__init_array_end = .)
                0x00000000080021a8                . = ALIGN (0x4)

.fini_array     0x00000000080021a8        0x4
                0x00000000080021a8                . = ALIGN (0x4)
                [!provide]                        PROVIDE (__fini_array_start = .)
 *(SORT_BY_NAME(.fini_array.*))
 *(.fini_array*)
 .fini_array    0x00000000080021a8        0x4 e:/apps/stm32cubeide_1.10.0/stm32cubeide/plugins/com.st.stm32cube.ide.mcu.externaltools.gnu-tools-for-stm32.10.3-2021.10.win32_1.0.0.202111181127/tools/bin/../lib/gcc/arm-none-eabi/10.3.1/thumb/v7-m/nofp/crtbegin.o
                [!provide]                        PROVIDE (__fini_array_end = .)
                0x00000000080021ac                . = ALIGN (0x4)
                0x00000000080021ac                _sidata = LOADADDR (.data)

.data           0x0000000020000000        0x8 load address 0x00000000080021ac
                0x0000000020000000                . = ALIGN (0x4)
                0x0000000020000000                _sdata = .
 *(.data)
 *(.data*)
 .data.ServoTimer
                0x0000000020000000        0x4 ./HAL/Servo/Servo.o
                0x0000000020000000                ServoTimer
 .data.rising.2
                0x0000000020000004        0x1 ./STM32F103_MCAL/Timer2_4/Timer.o
 .data.rising.1
                0x0000000020000005        0x1 ./STM32F103_MCAL/Timer2_4/Timer.o
 .data.rising.0
                0x0000000020000006        0x1 ./STM32F103_MCAL/Timer2_4/Timer.o
 *(.RamFunc)
 *(.RamFunc*)
                0x0000000020000008                . = ALIGN (0x4)
 *fill*         0x0000000020000007        0x1 
                0x0000000020000008                _edata = .

.igot.plt       0x0000000020000008        0x0 load address 0x00000000080021b4
 .igot.plt      0x0000000020000008        0x0 e:/apps/stm32cubeide_1.10.0/stm32cubeide/plugins/com.st.stm32cube.ide.mcu.externaltools.gnu-tools-for-stm32.10.3-2021.10.win32_1.0.0.202111181127/tools/bin/../lib/gcc/arm-none-eabi/10.3.1/thumb/v7-m/nofp/crtbegin.o
                0x0000000020000008                . = ALIGN (0x4)

.bss            0x0000000020000008       0x90 load address 0x00000000080021b4
                0x0000000020000008                _sbss = .
                0x0000000020000008                __bss_start__ = _sbss
 *(.bss)
 .bss           0x0000000020000008       0x1c e:/apps/stm32cubeide_1.10.0/stm32cubeide/plugins/com.st.stm32cube.ide.mcu.externaltools.gnu-tools-for-stm32.10.3-2021.10.win32_1.0.0.202111181127/tools/bin/../lib/gcc/arm-none-eabi/10.3.1/thumb/v7-m/nofp/crtbegin.o
 *(.bss*)
 .bss.ultrasonic_init
                0x0000000020000024       0x10 ./Application/App.o
                0x0000000020000024                ultrasonic_init
 .bss.is_open   0x0000000020000034        0x1 ./Application/App.o
                0x0000000020000034                is_open
 *fill*         0x0000000020000035        0x1 
 .bss.distance  0x0000000020000036        0x2 ./Application/App.o
                0x0000000020000036                distance
 .bss.GP_IRQ_CallBack
                0x0000000020000038       0x3c ./STM32F103_MCAL/EXTI/EXTI.o
                0x0000000020000038                GP_IRQ_CallBack
 .bss.SPIx_IRQ_CallBack
                0x0000000020000074        0x8 ./STM32F103_MCAL/SPI/SPI.o
                0x0000000020000074                SPIx_IRQ_CallBack
 .bss.is_rising
                0x000000002000007c        0x4 ./STM32F103_MCAL/Timer2_4/Timer.o
                0x000000002000007c                is_rising
 .bss.is_falling
                0x0000000020000080        0x4 ./STM32F103_MCAL/Timer2_4/Timer.o
                0x0000000020000080                is_falling
 .bss.is_captured
                0x0000000020000084        0x1 ./STM32F103_MCAL/Timer2_4/Timer.o
                0x0000000020000084                is_captured
 *fill*         0x0000000020000085        0x3 
 .bss.DelayTimer
                0x0000000020000088        0x4 ./STM32F103_MCAL/Timer2_4/Timer.o
                0x0000000020000088                DelayTimer
 .bss.USARTx_IRQ_CallBack
                0x000000002000008c        0xc ./STM32F103_MCAL/UART/UART.o
                0x000000002000008c                USARTx_IRQ_CallBack
 *(COMMON)
                0x0000000020000098                . = ALIGN (0x4)
                0x0000000020000098                _ebss = .
                0x0000000020000098                __bss_end__ = _ebss

._user_heap_stack
                0x0000000020000098      0x600 load address 0x00000000080021b4
                0x0000000020000098                . = ALIGN (0x8)
                [!provide]                        PROVIDE (end = .)
                0x0000000020000098                PROVIDE (_end = .)
                0x0000000020000298                . = (. + _Min_Heap_Size)
 *fill*         0x0000000020000098      0x200 
                0x0000000020000698                . = (. + _Min_Stack_Size)
 *fill*         0x0000000020000298      0x400 
                0x0000000020000698                . = ALIGN (0x8)

/DISCARD/
 libc.a(*)
 libm.a(*)
 libgcc.a(*)

.ARM.attributes
                0x0000000000000000       0x29
 *(.ARM.attributes)
 .ARM.attributes
                0x0000000000000000       0x1d e:/apps/stm32cubeide_1.10.0/stm32cubeide/plugins/com.st.stm32cube.ide.mcu.externaltools.gnu-tools-for-stm32.10.3-2021.10.win32_1.0.0.202111181127/tools/bin/../lib/gcc/arm-none-eabi/10.3.1/thumb/v7-m/nofp/crti.o
 .ARM.attributes
                0x000000000000001d       0x2d e:/apps/stm32cubeide_1.10.0/stm32cubeide/plugins/com.st.stm32cube.ide.mcu.externaltools.gnu-tools-for-stm32.10.3-2021.10.win32_1.0.0.202111181127/tools/bin/../lib/gcc/arm-none-eabi/10.3.1/thumb/v7-m/nofp/crtbegin.o
 .ARM.attributes
                0x000000000000004a       0x2d ./Application/App.o
 .ARM.attributes
                0x0000000000000077       0x2d ./HAL/LCD/LCD.o
 .ARM.attributes
                0x00000000000000a4       0x2d ./HAL/Servo/Servo.o
 .ARM.attributes
                0x00000000000000d1       0x2d ./HAL/Ultrasonic/Ultrasonic.o
 .ARM.attributes
                0x00000000000000fe       0x2d ./STM32F103_MCAL/EXTI/EXTI.o
 .ARM.attributes
                0x000000000000012b       0x2d ./STM32F103_MCAL/GPIO/gpio.o
 .ARM.attributes
                0x0000000000000158       0x2d ./STM32F103_MCAL/SPI/SPI.o
 .ARM.attributes
                0x0000000000000185       0x2d ./STM32F103_MCAL/Timer2_4/Timer.o
 .ARM.attributes
                0x00000000000001b2       0x2d ./STM32F103_MCAL/UART/UART.o
 .ARM.attributes
                0x00000000000001df       0x2d ./Src/main.o
 .ARM.attributes
                0x000000000000020c       0x21 ./Startup/startup_stm32f103c8tx.o
 .ARM.attributes
                0x000000000000022d       0x2d e:/apps/stm32cubeide_1.10.0/stm32cubeide/plugins/com.st.stm32cube.ide.mcu.externaltools.gnu-tools-for-stm32.10.3-2021.10.win32_1.0.0.202111181127/tools/bin/../lib/gcc/arm-none-eabi/10.3.1/../../../../arm-none-eabi/lib/thumb/v7-m/nofp\libc_nano.a(lib_a-init.o)
 .ARM.attributes
                0x000000000000025a       0x1d e:/apps/stm32cubeide_1.10.0/stm32cubeide/plugins/com.st.stm32cube.ide.mcu.externaltools.gnu-tools-for-stm32.10.3-2021.10.win32_1.0.0.202111181127/tools/bin/../lib/gcc/arm-none-eabi/10.3.1/thumb/v7-m/nofp\libgcc.a(_arm_addsubdf3.o)
 .ARM.attributes
                0x0000000000000277       0x1d e:/apps/stm32cubeide_1.10.0/stm32cubeide/plugins/com.st.stm32cube.ide.mcu.externaltools.gnu-tools-for-stm32.10.3-2021.10.win32_1.0.0.202111181127/tools/bin/../lib/gcc/arm-none-eabi/10.3.1/thumb/v7-m/nofp\libgcc.a(_arm_muldivdf3.o)
 .ARM.attributes
                0x0000000000000294       0x1d e:/apps/stm32cubeide_1.10.0/stm32cubeide/plugins/com.st.stm32cube.ide.mcu.externaltools.gnu-tools-for-stm32.10.3-2021.10.win32_1.0.0.202111181127/tools/bin/../lib/gcc/arm-none-eabi/10.3.1/thumb/v7-m/nofp\libgcc.a(_arm_fixunsdfsi.o)
 .ARM.attributes
                0x00000000000002b1       0x1d e:/apps/stm32cubeide_1.10.0/stm32cubeide/plugins/com.st.stm32cube.ide.mcu.externaltools.gnu-tools-for-stm32.10.3-2021.10.win32_1.0.0.202111181127/tools/bin/../lib/gcc/arm-none-eabi/10.3.1/thumb/v7-m/nofp/crtn.o
OUTPUT(Ultrasonic_Servo_Gate.elf elf32-littlearm)
LOAD linker stubs
LOAD e:/apps/stm32cubeide_1.10.0/stm32cubeide/plugins/com.st.stm32cube.ide.mcu.externaltools.gnu-tools-for-stm32.10.3-2021.10.win32_1.0.0.202111181127/tools/bin/../lib/gcc/arm-none-eabi/10.3.1/../../../../arm-none-eabi/lib/thumb/v7-m/nofp\libc.a
LOAD e:/apps/stm32cubeide_1.10.0/stm32cubeide/plugins/com.st.stm32cube.ide.mcu.externaltools.gnu-tools-for-stm32.10.3-2021.10.win32_1.0.0.202111181127/tools/bin/../lib/gcc/arm-none-eabi/10.3.1/../../../../arm-none-eabi/lib/thumb/v7-m/nofp\libm.a
LOAD e:/apps/stm32cubeide_1.10.0/stm32cubeide/plugins/com.st.stm32cube.ide.mcu.externaltools.gnu-tools-for-stm32.10.3-2021.10.win32_1.0.0.202111181127/tools/bin/../lib/gcc/arm-none-eabi/10.3.1/thumb/v7-m/nofp\libgcc.a

.debug_info     0x0000000000000000     0x2c3c
 .debug_info    0x0000000000000000      0x332 ./Application/App.o
 .debug_info    0x0000000000000332      0x470 ./HAL/LCD/LCD.o
 .debug_info    0x00000000000007a2      0x347 ./HAL/Servo/Servo.o
 .debug_info    0x0000000000000ae9      0x513 ./HAL/Ultrasonic/Ultrasonic.o
 .debug_info    0x0000000000000ffc      0x512 ./STM32F103_MCAL/EXTI/EXTI.o
 .debug_info    0x000000000000150e      0x449 ./STM32F103_MCAL/GPIO/gpio.o
 .debug_info    0x0000000000001957      0x5d0 ./STM32F103_MCAL/SPI/SPI.o
 .debug_info    0x0000000000001f27      0x703 ./STM32F103_MCAL/Timer2_4/Timer.o
 .debug_info    0x000000000000262a      0x540 ./STM32F103_MCAL/UART/UART.o
 .debug_info    0x0000000000002b6a       0xb0 ./Src/main.o
 .debug_info    0x0000000000002c1a       0x22 ./Startup/startup_stm32f103c8tx.o

.debug_abbrev   0x0000000000000000      0xc3a
 .debug_abbrev  0x0000000000000000      0x152 ./Application/App.o
 .debug_abbrev  0x0000000000000152      0x139 ./HAL/LCD/LCD.o
 .debug_abbrev  0x000000000000028b      0x107 ./HAL/Servo/Servo.o
 .debug_abbrev  0x0000000000000392      0x11e ./HAL/Ultrasonic/Ultrasonic.o
 .debug_abbrev  0x00000000000004b0      0x17e ./STM32F103_MCAL/EXTI/EXTI.o
 .debug_abbrev  0x000000000000062e      0x104 ./STM32F103_MCAL/GPIO/gpio.o
 .debug_abbrev  0x0000000000000732      0x17e ./STM32F103_MCAL/SPI/SPI.o
 .debug_abbrev  0x00000000000008b0      0x16b ./STM32F103_MCAL/Timer2_4/Timer.o
 .debug_abbrev  0x0000000000000a1b      0x1ac ./STM32F103_MCAL/UART/UART.o
 .debug_abbrev  0x0000000000000bc7       0x61 ./Src/main.o
 .debug_abbrev  0x0000000000000c28       0x12 ./Startup/startup_stm32f103c8tx.o

.debug_aranges  0x0000000000000000      0x2e8
 .debug_aranges
                0x0000000000000000       0x30 ./Application/App.o
 .debug_aranges
                0x0000000000000030       0x48 ./HAL/LCD/LCD.o
 .debug_aranges
                0x0000000000000078       0x28 ./HAL/Servo/Servo.o
 .debug_aranges
                0x00000000000000a0       0x28 ./HAL/Ultrasonic/Ultrasonic.o
 .debug_aranges
                0x00000000000000c8       0x70 ./STM32F103_MCAL/EXTI/EXTI.o
 .debug_aranges
                0x0000000000000138       0x60 ./STM32F103_MCAL/GPIO/gpio.o
 .debug_aranges
                0x0000000000000198       0x48 ./STM32F103_MCAL/SPI/SPI.o
 .debug_aranges
                0x00000000000001e0       0x68 ./STM32F103_MCAL/Timer2_4/Timer.o
 .debug_aranges
                0x0000000000000248       0x58 ./STM32F103_MCAL/UART/UART.o
 .debug_aranges
                0x00000000000002a0       0x20 ./Src/main.o
 .debug_aranges
                0x00000000000002c0       0x28 ./Startup/startup_stm32f103c8tx.o

.debug_ranges   0x0000000000000000      0x240
 .debug_ranges  0x0000000000000000       0x20 ./Application/App.o
 .debug_ranges  0x0000000000000020       0x38 ./HAL/LCD/LCD.o
 .debug_ranges  0x0000000000000058       0x18 ./HAL/Servo/Servo.o
 .debug_ranges  0x0000000000000070       0x18 ./HAL/Ultrasonic/Ultrasonic.o
 .debug_ranges  0x0000000000000088       0x60 ./STM32F103_MCAL/EXTI/EXTI.o
 .debug_ranges  0x00000000000000e8       0x50 ./STM32F103_MCAL/GPIO/gpio.o
 .debug_ranges  0x0000000000000138       0x38 ./STM32F103_MCAL/SPI/SPI.o
 .debug_ranges  0x0000000000000170       0x58 ./STM32F103_MCAL/Timer2_4/Timer.o
 .debug_ranges  0x00000000000001c8       0x48 ./STM32F103_MCAL/UART/UART.o
 .debug_ranges  0x0000000000000210       0x10 ./Src/main.o
 .debug_ranges  0x0000000000000220       0x20 ./Startup/startup_stm32f103c8tx.o

.debug_macro    0x0000000000000000     0x4704
 .debug_macro   0x0000000000000000      0x230 ./Application/App.o
 .debug_macro   0x0000000000000230      0xa72 ./Application/App.o
 .debug_macro   0x0000000000000ca2       0x22 ./Application/App.o
 .debug_macro   0x0000000000000cc4       0x4c ./Application/App.o
 .debug_macro   0x0000000000000d10       0x18 ./Application/App.o
 .debug_macro   0x0000000000000d28       0x94 ./Application/App.o
 .debug_macro   0x0000000000000dbc       0x3c ./Application/App.o
 .debug_macro   0x0000000000000df8       0x34 ./Application/App.o
 .debug_macro   0x0000000000000e2c       0x16 ./Application/App.o
 .debug_macro   0x0000000000000e42       0x57 ./Application/App.o
 .debug_macro   0x0000000000000e99       0x97 ./Application/App.o
 .debug_macro   0x0000000000000f30      0x341 ./Application/App.o
 .debug_macro   0x0000000000001271       0xfd ./Application/App.o
 .debug_macro   0x000000000000136e       0x10 ./Application/App.o
 .debug_macro   0x000000000000137e       0x16 ./Application/App.o
 .debug_macro   0x0000000000001394       0x43 ./Application/App.o
 .debug_macro   0x00000000000013d7       0x34 ./Application/App.o
 .debug_macro   0x000000000000140b       0x10 ./Application/App.o
 .debug_macro   0x000000000000141b       0x58 ./Application/App.o
 .debug_macro   0x0000000000001473       0x71 ./Application/App.o
 .debug_macro   0x00000000000014e4       0x1c ./Application/App.o
 .debug_macro   0x0000000000001500      0x12a ./Application/App.o
 .debug_macro   0x000000000000162a       0x10 ./Application/App.o
 .debug_macro   0x000000000000163a       0x6a ./Application/App.o
 .debug_macro   0x00000000000016a4       0x1c ./Application/App.o
 .debug_macro   0x00000000000016c0       0x52 ./Application/App.o
 .debug_macro   0x0000000000001712       0x22 ./Application/App.o
 .debug_macro   0x0000000000001734       0x10 ./Application/App.o
 .debug_macro   0x0000000000001744       0x52 ./Application/App.o
 .debug_macro   0x0000000000001796       0xd5 ./Application/App.o
 .debug_macro   0x000000000000186b       0x1c ./Application/App.o
 .debug_macro   0x0000000000001887       0x3d ./Application/App.o
 .debug_macro   0x00000000000018c4       0x16 ./Application/App.o
 .debug_macro   0x00000000000018da      0x145 ./Application/App.o
 .debug_macro   0x0000000000001a1f       0x16 ./Application/App.o
 .debug_macro   0x0000000000001a35       0x35 ./Application/App.o
 .debug_macro   0x0000000000001a6a       0x16 ./Application/App.o
 .debug_macro   0x0000000000001a80       0x29 ./Application/App.o
 .debug_macro   0x0000000000001aa9      0x6d4 ./Application/App.o
 .debug_macro   0x000000000000217d       0xe2 ./Application/App.o
 .debug_macro   0x000000000000225f       0x64 ./Application/App.o
 .debug_macro   0x00000000000022c3       0x16 ./Application/App.o
 .debug_macro   0x00000000000022d9       0x1c ./Application/App.o
 .debug_macro   0x00000000000022f5       0x7c ./Application/App.o
 .debug_macro   0x0000000000002371       0x46 ./Application/App.o
 .debug_macro   0x00000000000023b7      0x1f4 ./HAL/LCD/LCD.o
 .debug_macro   0x00000000000025ab      0x10e ./HAL/LCD/LCD.o
 .debug_macro   0x00000000000026b9       0x8d ./HAL/LCD/LCD.o
 .debug_macro   0x0000000000002746       0x1c ./HAL/LCD/LCD.o
 .debug_macro   0x0000000000002762      0x6da ./HAL/LCD/LCD.o
 .debug_macro   0x0000000000002e3c       0x76 ./HAL/LCD/LCD.o
 .debug_macro   0x0000000000002eb2      0x20f ./HAL/Servo/Servo.o
 .debug_macro   0x00000000000030c1       0x16 ./HAL/Servo/Servo.o
 .debug_macro   0x00000000000030d7      0x218 ./HAL/Ultrasonic/Ultrasonic.o
 .debug_macro   0x00000000000032ef       0x6a ./HAL/Ultrasonic/Ultrasonic.o
 .debug_macro   0x0000000000003359      0x1fa ./STM32F103_MCAL/EXTI/EXTI.o
 .debug_macro   0x0000000000003553       0xe8 ./STM32F103_MCAL/EXTI/EXTI.o
 .debug_macro   0x000000000000363b      0x166 ./STM32F103_MCAL/EXTI/EXTI.o
 .debug_macro   0x00000000000037a1      0x1f1 ./STM32F103_MCAL/GPIO/gpio.o
 .debug_macro   0x0000000000003992      0x1fa ./STM32F103_MCAL/SPI/SPI.o
 .debug_macro   0x0000000000003b8c       0xb2 ./STM32F103_MCAL/SPI/SPI.o
 .debug_macro   0x0000000000003c3e      0x200 ./STM32F103_MCAL/Timer2_4/Timer.o
 .debug_macro   0x0000000000003e3e      0x209 ./STM32F103_MCAL/UART/UART.o
 .debug_macro   0x0000000000004047       0x52 ./STM32F103_MCAL/UART/UART.o
 .debug_macro   0x0000000000004099      0x258 ./Src/main.o
 .debug_macro   0x00000000000042f1       0x8e ./Src/main.o
 .debug_macro   0x000000000000437f       0x51 ./Src/main.o
 .debug_macro   0x00000000000043d0      0x103 ./Src/main.o
 .debug_macro   0x00000000000044d3      0x1df ./Src/main.o
 .debug_macro   0x00000000000046b2       0x52 ./Src/main.o

.debug_line     0x0000000000000000     0x5722
 .debug_line    0x0000000000000000      0x853 ./Application/App.o
 .debug_line    0x0000000000000853      0x96e ./HAL/LCD/LCD.o
 .debug_line    0x00000000000011c1      0x6e6 ./HAL/Servo/Servo.o
 .debug_line    0x00000000000018a7      0x746 ./HAL/Ultrasonic/Ultrasonic.o
 .debug_line    0x0000000000001fed      0x9a8 ./STM32F103_MCAL/EXTI/EXTI.o
 .debug_line    0x0000000000002995      0x81b ./STM32F103_MCAL/GPIO/gpio.o
 .debug_line    0x00000000000031b0      0x922 ./STM32F103_MCAL/SPI/SPI.o
 .debug_line    0x0000000000003ad2      0xaa7 ./STM32F103_MCAL/Timer2_4/Timer.o
 .debug_line    0x0000000000004579      0x977 ./STM32F103_MCAL/UART/UART.o
 .debug_line    0x0000000000004ef0      0x7ae ./Src/main.o
 .debug_line    0x000000000000569e       0x84 ./Startup/startup_stm32f103c8tx.o

.debug_str      0x0000000000000000     0xc223
 .debug_str     0x0000000000000000     0x9e1b ./Application/App.o
                                       0x9fb0 (size before relaxing)
 .debug_str     0x0000000000009e1b       0xaf ./HAL/LCD/LCD.o
                                       0x9cdd (size before relaxing)
 .debug_str     0x0000000000009eca      0x188 ./HAL/Servo/Servo.o
                                       0x9b4a (size before relaxing)
 .debug_str     0x000000000000a052      0x12c ./HAL/Ultrasonic/Ultrasonic.o
                                       0x9ff2 (size before relaxing)
 .debug_str     0x000000000000a17e      0xceb ./STM32F103_MCAL/EXTI/EXTI.o
                                       0xa5b7 (size before relaxing)
 .debug_str     0x000000000000ae69       0xa8 ./STM32F103_MCAL/GPIO/gpio.o
                                       0x99d0 (size before relaxing)
 .debug_str     0x000000000000af11      0x56c ./STM32F103_MCAL/SPI/SPI.o
                                       0x9e80 (size before relaxing)
 .debug_str     0x000000000000b47d       0xb4 ./STM32F103_MCAL/Timer2_4/Timer.o
                                       0x9d0b (size before relaxing)
 .debug_str     0x000000000000b531      0x350 ./STM32F103_MCAL/UART/UART.o
                                       0x9c52 (size before relaxing)
 .debug_str     0x000000000000b881      0x971 ./Src/main.o
                                       0xa81f (size before relaxing)
 .debug_str     0x000000000000c1f2       0x31 ./Startup/startup_stm32f103c8tx.o
                                         0x69 (size before relaxing)

.comment        0x0000000000000000       0x50
 .comment       0x0000000000000000       0x50 ./Application/App.o
                                         0x51 (size before relaxing)
 .comment       0x0000000000000050       0x51 ./HAL/LCD/LCD.o
 .comment       0x0000000000000050       0x51 ./HAL/Servo/Servo.o
 .comment       0x0000000000000050       0x51 ./HAL/Ultrasonic/Ultrasonic.o
 .comment       0x0000000000000050       0x51 ./STM32F103_MCAL/EXTI/EXTI.o
 .comment       0x0000000000000050       0x51 ./STM32F103_MCAL/GPIO/gpio.o
 .comment       0x0000000000000050       0x51 ./STM32F103_MCAL/SPI/SPI.o
 .comment       0x0000000000000050       0x51 ./STM32F103_MCAL/Timer2_4/Timer.o
 .comment       0x0000000000000050       0x51 ./STM32F103_MCAL/UART/UART.o
 .comment       0x0000000000000050       0x51 ./Src/main.o

.debug_frame    0x0000000000000000      0xa04
 .debug_frame   0x0000000000000000       0x6c ./Application/App.o
 .debug_frame   0x000000000000006c       0xec ./HAL/LCD/LCD.o
 .debug_frame   0x0000000000000158       0x58 ./HAL/Servo/Servo.o
 .debug_frame   0x00000000000001b0       0x5c ./HAL/Ultrasonic/Ultrasonic.o
 .debug_frame   0x000000000000020c      0x16c ./STM32F103_MCAL/EXTI/EXTI.o
 .debug_frame   0x0000000000000378      0x178 ./STM32F103_MCAL/GPIO/gpio.o
 .debug_frame   0x00000000000004f0       0xf8 ./STM32F103_MCAL/SPI/SPI.o
 .debug_frame   0x00000000000005e8      0x180 ./STM32F103_MCAL/Timer2_4/Timer.o
 .debug_frame   0x0000000000000768      0x124 ./STM32F103_MCAL/UART/UART.o
 .debug_frame   0x000000000000088c       0x2c ./Src/main.o
 .debug_frame   0x00000000000008b8       0x2c e:/apps/stm32cubeide_1.10.0/stm32cubeide/plugins/com.st.stm32cube.ide.mcu.externaltools.gnu-tools-for-stm32.10.3-2021.10.win32_1.0.0.202111181127/tools/bin/../lib/gcc/arm-none-eabi/10.3.1/../../../../arm-none-eabi/lib/thumb/v7-m/nofp\libc_nano.a(lib_a-init.o)
 .debug_frame   0x00000000000008e4       0xac e:/apps/stm32cubeide_1.10.0/stm32cubeide/plugins/com.st.stm32cube.ide.mcu.externaltools.gnu-tools-for-stm32.10.3-2021.10.win32_1.0.0.202111181127/tools/bin/../lib/gcc/arm-none-eabi/10.3.1/thumb/v7-m/nofp\libgcc.a(_arm_addsubdf3.o)
 .debug_frame   0x0000000000000990       0x50 e:/apps/stm32cubeide_1.10.0/stm32cubeide/plugins/com.st.stm32cube.ide.mcu.externaltools.gnu-tools-for-stm32.10.3-2021.10.win32_1.0.0.202111181127/tools/bin/../lib/gcc/arm-none-eabi/10.3.1/thumb/v7-m/nofp\libgcc.a(_arm_muldivdf3.o)
 .debug_frame   0x00000000000009e0       0x24 e:/apps/stm32cubeide_1.10.0/stm32cubeide/plugins/com.st.stm32cube.ide.mcu.externaltools.gnu-tools-for-stm32.10.3-2021.10.win32_1.0.0.202111181127/tools/bin/../lib/gcc/arm-none-eabi/10.3.1/thumb/v7-m/nofp\libgcc.a(_arm_fixunsdfsi.o)
