../STM32F103_MCAL/EXTI/EXTI.c:20:6:EXTI_GPIO_Init	24	static
../STM32F103_MCAL/EXTI/EXTI.c:105:6:NVIC_Enable	16	static
../STM32F103_MCAL/EXTI/EXTI.c:141:6:NVIC_Disable	16	static
../STM32F103_MCAL/EXTI/EXTI.c:177:6:EXTI_GPIO_DeInit	4	static
../STM32F103_MCAL/EXTI/EXTI.c:193:6:EXTI0_IRQHandler	8	static
../STM32F103_MCAL/EXTI/EXTI.c:199:6:EXTI1_IRQHandler	8	static
../STM32F103_MCAL/EXTI/EXTI.c:206:6:EXTI2_IRQHandler	8	static
../STM32F103_MCAL/EXTI/EXTI.c:213:6:EXTI3_IRQHandler	8	static
../STM32F103_MCAL/EXTI/EXTI.c:220:6:EXTI4_IRQHandler	8	static
../STM32F103_MCAL/EXTI/EXTI.c:226:6:EXTI9_5_IRQHandler	8	static
../STM32F103_MCAL/EXTI/EXTI.c:259:6:EXTI15_10_IRQHandler	8	static
